[
  {
    "Resources": {
      "LambdaArnReaderAB4FC772": {
        "Type": "Custom::CrossRegionStringParameterReader",
        "Properties": {
          "ServiceToken": {
            "Fn::GetAtt": [
              "CustomCrossRegionStringParameterReaderCustomResourceProviderHandler65B5F33A",
              "Arn"
            ]
          },
          "Region": "us-east-1",
          "ParameterName": "EdgeFunctionArnLambda",
          "RefreshToken": "8c3807e02cf900042110f90b9f67a5c7"
        },
        "UpdateReplacePolicy": "Delete",
        "DeletionPolicy": "Delete"
      },
      "CustomCrossRegionStringParameterReaderCustomResourceProviderRole71CD6825": {
        "Type": "AWS::IAM::Role",
        "Properties": {
          "AssumeRolePolicyDocument": {
            "Version": "2012-10-17",
            "Statement": [
              {
                "Action": "sts:AssumeRole",
                "Effect": "Allow",
                "Principal": {
                  "Service": "lambda.amazonaws.com"
                }
              }
            ]
          },
          "ManagedPolicyArns": [
            {
              "Fn::Sub": "arn:${AWS::Partition}:iam::aws:policy/service-role/AWSLambdaBasicExecutionRole"
            }
          ],
          "Policies": [
            {
              "PolicyName": "Inline",
              "PolicyDocument": {
                "Version": "2012-10-17",
                "Statement": [
                  {
                    "Effect": "Allow",
                    "Resource": {
                      "Fn::Join": [
                        "",
                        [
                          "arn:",
                          {
                            "Ref": "AWS::Partition"
                          },
                          ":ssm:us-east-1:",
                          {
                            "Ref": "AWS::AccountId"
                          },
                          ":parameter/EdgeFunctionArnLambda"
                        ]
                      ]
                    },
                    "Action": [
                      "ssm:GetParameter"
                    ]
                  }
                ]
              }
            }
          ]
        }
      },
      "CustomCrossRegionStringParameterReaderCustomResourceProviderHandler65B5F33A": {
        "Type": "AWS::Lambda::Function",
        "Properties": {
          "Code": {
            "S3Bucket": {
              "Ref": "AssetParameters45b7ed524ce2b119dd4f2b8642ae8bfaf0df45bc6bd705072ae4ee6d1a999241S3BucketF1BC72A7"
            },
            "S3Key": {
              "Fn::Join": [
                "",
                [
                  {
                    "Fn::Select": [
                      0,
                      {
                        "Fn::Split": [
                          "||",
                          {
                            "Ref": "AssetParameters45b7ed524ce2b119dd4f2b8642ae8bfaf0df45bc6bd705072ae4ee6d1a999241S3VersionKey7AD83AC7"
                          }
                        ]
                      }
                    ]
                  },
                  {
                    "Fn::Select": [
                      1,
                      {
                        "Fn::Split": [
                          "||",
                          {
                            "Ref": "AssetParameters45b7ed524ce2b119dd4f2b8642ae8bfaf0df45bc6bd705072ae4ee6d1a999241S3VersionKey7AD83AC7"
                          }
                        ]
                      }
                    ]
                  }
                ]
              ]
            }
          },
          "Timeout": 900,
          "MemorySize": 128,
          "Handler": "__entrypoint__.handler",
          "Role": {
            "Fn::GetAtt": [
              "CustomCrossRegionStringParameterReaderCustomResourceProviderRole71CD6825",
              "Arn"
            ]
          },
          "Runtime": "nodejs12.x"
        },
        "DependsOn": [
          "CustomCrossRegionStringParameterReaderCustomResourceProviderRole71CD6825"
        ]
      },
      "DistB3B78991": {
        "Type": "AWS::CloudFront::Distribution",
        "Properties": {
          "DistributionConfig": {
            "DefaultCacheBehavior": {
              "CachePolicyId": "4135ea2d-6df8-44a3-9df3-4b5a84be39ad",
              "Compress": true,
              "LambdaFunctionAssociations": [
                {
                  "EventType": "origin-request",
                  "LambdaFunctionARN": {
                    "Fn::GetAtt": [
                      "LambdaArnReaderAB4FC772",
                      "FunctionArn"
                    ]
                  }
                }
              ],
              "TargetOriginId": "integdistributionlambdacrossregionDistOrigin167A054D5",
              "ViewerProtocolPolicy": "allow-all"
            },
            "Enabled": true,
            "HttpVersion": "http2",
            "IPV6Enabled": true,
            "Origins": [
              {
                "CustomOriginConfig": {
                  "OriginProtocolPolicy": "https-only"
                },
                "DomainName": "www.example.com",
                "Id": "integdistributionlambdacrossregionDistOrigin167A054D5"
              }
            ]
          }
        }
      }
    },
    "Parameters": {
      "AssetParameters45b7ed524ce2b119dd4f2b8642ae8bfaf0df45bc6bd705072ae4ee6d1a999241S3BucketF1BC72A7": {
        "Type": "String",
        "Description": "S3 bucket for asset \"45b7ed524ce2b119dd4f2b8642ae8bfaf0df45bc6bd705072ae4ee6d1a999241\""
      },
      "AssetParameters45b7ed524ce2b119dd4f2b8642ae8bfaf0df45bc6bd705072ae4ee6d1a999241S3VersionKey7AD83AC7": {
        "Type": "String",
        "Description": "S3 key for asset version \"45b7ed524ce2b119dd4f2b8642ae8bfaf0df45bc6bd705072ae4ee6d1a999241\""
      },
      "AssetParameters45b7ed524ce2b119dd4f2b8642ae8bfaf0df45bc6bd705072ae4ee6d1a999241ArtifactHash1B3D1B80": {
        "Type": "String",
        "Description": "Artifact hash for asset \"45b7ed524ce2b119dd4f2b8642ae8bfaf0df45bc6bd705072ae4ee6d1a999241\""
      }
    }
  },
  {
    "Resources": {
      "LambdaServiceRoleA527BFC4": {
        "Type": "AWS::IAM::Role",
        "Properties": {
          "AssumeRolePolicyDocument": {
            "Statement": [
              {
                "Action": "sts:AssumeRole",
                "Effect": "Allow",
                "Principal": {
                  "Service": [
                    "lambda.amazonaws.com",
                    "edgelambda.amazonaws.com"
                  ]
                }
              }
            ],
            "Version": "2012-10-17"
          },
          "ManagedPolicyArns": [
            {
              "Fn::Join": [
                "",
                [
                  "arn:",
                  {
                    "Ref": "AWS::Partition"
                  },
                  ":iam::aws:policy/service-role/AWSLambdaBasicExecutionRole"
                ]
              ]
            }
          ]
        }
      },
      "LambdaD247545B": {
        "Type": "AWS::Lambda::Function",
        "Properties": {
          "Code": {
            "ZipFile": "foo"
          },
          "Handler": "index.handler",
          "Role": {
            "Fn::GetAtt": [
              "LambdaServiceRoleA527BFC4",
              "Arn"
            ]
          },
          "Runtime": "nodejs10.x"
        },
        "DependsOn": [
          "LambdaServiceRoleA527BFC4"
        ]
      },
      "LambdaCurrentVersionDF706F6A0f8c72b9e713429e33ca31f5e72137a2": {
        "Type": "AWS::Lambda::Version",
        "Properties": {
          "FunctionName": {
            "Ref": "LambdaD247545B"
          }
        }
      },
      "LambdaParameterCDCFFB68": {
        "Type": "AWS::SSM::Parameter",
        "Properties": {
          "Type": "String",
          "Value": {
            "Ref": "LambdaCurrentVersionDF706F6A0f8c72b9e713429e33ca31f5e72137a2"
          },
          "Name": "EdgeFunctionArnLambda"
        }
      }
    }
  }
]