[
  {
    "Resources": {
      "MyLambdaArnReader2D7DDF01": {
        "Type": "Custom::CrossRegionStringParameterReader",
        "Properties": {
          "ServiceToken": {
            "Fn::GetAtt": [
              "CustomCrossRegionStringParameterReaderCustomResourceProviderHandler65B5F33A",
              "Arn"
            ]
          },
          "Region": "us-east-1",
          "ParameterName": "EdgeFunctionArnMyLambda",
          "RefreshToken": "f69585dd708dc595835ff1c75b0b01a6"
        },
        "UpdateReplacePolicy": "Delete",
        "DeletionPolicy": "Delete"
      },
      "CustomCrossRegionStringParameterReaderCustomResourceProviderRole71CD6825": {
        "Type": "AWS::IAM::Role",
        "Properties": {
          "AssumeRolePolicyDocument": {
            "Version": "2012-10-17",
            "Statement": [
              {
                "Action": "sts:AssumeRole",
                "Effect": "Allow",
                "Principal": {
                  "Service": "lambda.amazonaws.com"
                }
              }
            ]
          },
          "ManagedPolicyArns": [
            {
              "Fn::Sub": "arn:${AWS::Partition}:iam::aws:policy/service-role/AWSLambdaBasicExecutionRole"
            }
          ],
          "Policies": [
            {
              "PolicyName": "Inline",
              "PolicyDocument": {
                "Version": "2012-10-17",
                "Statement": [
                  {
                    "Effect": "Allow",
                    "Resource": {
                      "Fn::Join": [
                        "",
                        [
                          "arn:",
                          {
                            "Ref": "AWS::Partition"
                          },
                          ":ssm:us-east-1:",
                          {
                            "Ref": "AWS::AccountId"
                          },
                          ":parameter/EdgeFunctionArn*"
                        ]
                      ]
                    },
                    "Action": [
                      "ssm:GetParameter"
                    ]
                  }
                ]
              }
            }
          ]
        }
      },
      "CustomCrossRegionStringParameterReaderCustomResourceProviderHandler65B5F33A": {
        "Type": "AWS::Lambda::Function",
        "Properties": {
          "Code": {
            "S3Bucket": {
              "Ref": "AssetParameters45b7ed524ce2b119dd4f2b8642ae8bfaf0df45bc6bd705072ae4ee6d1a999241S3BucketF1BC72A7"
            },
            "S3Key": {
              "Fn::Join": [
                "",
                [
                  {
                    "Fn::Select": [
                      0,
                      {
                        "Fn::Split": [
                          "||",
                          {
                            "Ref": "AssetParameters45b7ed524ce2b119dd4f2b8642ae8bfaf0df45bc6bd705072ae4ee6d1a999241S3VersionKey7AD83AC7"
                          }
                        ]
                      }
                    ]
                  },
                  {
                    "Fn::Select": [
                      1,
                      {
                        "Fn::Split": [
                          "||",
                          {
                            "Ref": "AssetParameters45b7ed524ce2b119dd4f2b8642ae8bfaf0df45bc6bd705072ae4ee6d1a999241S3VersionKey7AD83AC7"
                          }
                        ]
                      }
                    ]
                  }
                ]
              ]
            }
          },
          "Timeout": 900,
          "MemorySize": 128,
          "Handler": "__entrypoint__.handler",
          "Role": {
            "Fn::GetAtt": [
              "CustomCrossRegionStringParameterReaderCustomResourceProviderRole71CD6825",
              "Arn"
            ]
          },
          "Runtime": "nodejs12.x"
        },
        "DependsOn": [
          "CustomCrossRegionStringParameterReaderCustomResourceProviderRole71CD6825"
        ]
      }
    },
    "Parameters": {
      "AssetParameters45b7ed524ce2b119dd4f2b8642ae8bfaf0df45bc6bd705072ae4ee6d1a999241S3BucketF1BC72A7": {
        "Type": "String",
        "Description": "S3 bucket for asset \"45b7ed524ce2b119dd4f2b8642ae8bfaf0df45bc6bd705072ae4ee6d1a999241\""
      },
      "AssetParameters45b7ed524ce2b119dd4f2b8642ae8bfaf0df45bc6bd705072ae4ee6d1a999241S3VersionKey7AD83AC7": {
        "Type": "String",
        "Description": "S3 key for asset version \"45b7ed524ce2b119dd4f2b8642ae8bfaf0df45bc6bd705072ae4ee6d1a999241\""
      },
      "AssetParameters45b7ed524ce2b119dd4f2b8642ae8bfaf0df45bc6bd705072ae4ee6d1a999241ArtifactHash1B3D1B80": {
        "Type": "String",
        "Description": "Artifact hash for asset \"45b7ed524ce2b119dd4f2b8642ae8bfaf0df45bc6bd705072ae4ee6d1a999241\""
      }
    }
  },
  {
    "Resources": {
      "MyLambdaServiceRoleC379DB2A": {
        "Type": "AWS::IAM::Role",
        "Properties": {
          "AssumeRolePolicyDocument": {
            "Statement": [
              {
                "Action": "sts:AssumeRole",
                "Effect": "Allow",
                "Principal": {
                  "Service": [
                    "lambda.amazonaws.com",
                    "edgelambda.amazonaws.com"
                  ]
                }
              }
            ],
            "Version": "2012-10-17"
          },
          "ManagedPolicyArns": [
            {
              "Fn::Join": [
                "",
                [
                  "arn:",
                  {
                    "Ref": "AWS::Partition"
                  },
                  ":iam::aws:policy/service-role/AWSLambdaBasicExecutionRole"
                ]
              ]
            }
          ]
        }
      },
      "MyLambdaCCE802FB": {
        "Type": "AWS::Lambda::Function",
        "Properties": {
          "Code": {
            "S3Bucket": {
              "Ref": "AssetParameters9678c34eca93259d11f2d714177347afd66c50116e1e08996eff893d3ca81232S3Bucket1354C645"
            },
            "S3Key": {
              "Fn::Join": [
                "",
                [
                  {
                    "Fn::Select": [
                      0,
                      {
                        "Fn::Split": [
                          "||",
                          {
                            "Ref": "AssetParameters9678c34eca93259d11f2d714177347afd66c50116e1e08996eff893d3ca81232S3VersionKey5D873FAC"
                          }
                        ]
                      }
                    ]
                  },
                  {
                    "Fn::Select": [
                      1,
                      {
                        "Fn::Split": [
                          "||",
                          {
                            "Ref": "AssetParameters9678c34eca93259d11f2d714177347afd66c50116e1e08996eff893d3ca81232S3VersionKey5D873FAC"
                          }
                        ]
                      }
                    ]
                  }
                ]
              ]
            }
          },
          "Handler": "index.main",
          "Role": {
            "Fn::GetAtt": [
              "MyLambdaServiceRoleC379DB2A",
              "Arn"
            ]
          },
          "Runtime": "python3.6"
        },
        "DependsOn": [
          "MyLambdaServiceRoleC379DB2A"
        ]
      },
      "MyLambdaCurrentVersionE7A382CCfc7f4f33e2ce545541fb53c9ea4a3766": {
        "Type": "AWS::Lambda::Version",
        "Properties": {
          "FunctionName": {
            "Ref": "MyLambdaCCE802FB"
          }
        }
      },
      "MyLambdaParameter72075EB0": {
        "Type": "AWS::SSM::Parameter",
        "Properties": {
          "Type": "String",
          "Value": {
            "Ref": "MyLambdaCurrentVersionE7A382CCfc7f4f33e2ce545541fb53c9ea4a3766"
          },
          "Name": "EdgeFunctionArnMyLambda"
        }
      }
    },
    "Parameters": {
      "AssetParameters9678c34eca93259d11f2d714177347afd66c50116e1e08996eff893d3ca81232S3Bucket1354C645": {
        "Type": "String",
        "Description": "S3 bucket for asset \"9678c34eca93259d11f2d714177347afd66c50116e1e08996eff893d3ca81232\""
      },
      "AssetParameters9678c34eca93259d11f2d714177347afd66c50116e1e08996eff893d3ca81232S3VersionKey5D873FAC": {
        "Type": "String",
        "Description": "S3 key for asset version \"9678c34eca93259d11f2d714177347afd66c50116e1e08996eff893d3ca81232\""
      },
      "AssetParameters9678c34eca93259d11f2d714177347afd66c50116e1e08996eff893d3ca81232ArtifactHashFA16AACF": {
        "Type": "String",
        "Description": "Artifact hash for asset \"9678c34eca93259d11f2d714177347afd66c50116e1e08996eff893d3ca81232\""
      }
    }
  }
]